mode: set
github.com/Guilherme-Joviniano/go-template-examples-and-usages/tests/1/tax_go/tax.go:3.43,4.17 1 1
github.com/Guilherme-Joviniano/go-template-examples-and-usages/tests/1/tax_go/tax.go:4.17,6.3 1 1
github.com/Guilherme-Joviniano/go-template-examples-and-usages/tests/1/tax_go/tax.go:7.2,7.20 1 1
github.com/Guilherme-Joviniano/go-template-examples-and-usages/tests/1/tax_go/tax.go:7.20,9.3 1 1
github.com/Guilherme-Joviniano/go-template-examples-and-usages/tests/1/tax_go/tax.go:10.2,10.12 1 1
